// Jest Snapshot v1, https://goo.gl/fbAQLP

exports[`<Checkbox /> matches snapshot 1`] = `
<div
  style={
    Object {
      "display": "inline-block",
    }
  }
>
  <Ripples
    color="rgba(0, 0, 0, .3)"
    during={600}
    onClick={[Function]}
    style={Object {}}
  >
    <styled.div
      checker={false}
      hasFocus={false}
      style={
        Object {
          "alignItems": "center",
          "display": "flex",
          "position": "relative",
        }
      }
    >
      <Checkboxoutline
        color="currentColor"
        size={22}
      />
      <styled.input
        checked={false}
        disabled={false}
        hasFocus={true}
        id="myawesomecheckbox"
        name="myawesomecheckbox"
        onBlur={[Function]}
        onChange={[Function]}
        onFocus={[Function]}
        style={Object {}}
        type="checkbox"
      />
      <styled.label
        htmlFor="myawesomecheckbox"
        labelStyle={Object {}}
      />
    </styled.div>
  </Ripples>
</div>
`;
