// Jest Snapshot v1, https://goo.gl/fbAQLP

exports[`Icon : <Minusbox /> match snapshot 1`] = `
<SvgIcon
  color="currentColor"
  onMouseEnter={[Function]}
  onMouseLeave={[Function]}
  size={24}
  style={Object {}}
  viewBox="0 0 24 24"
>
  <svg
    focusable="false"
    height="24px"
    viewBox="0 0 20 20"
    width="24px"
    xmlns="http://www.w3.org/2000/svg"
  >
    <g
      data-name="Group 558"
      id="Group_558"
      transform="translate(-316 -361)"
    >
      <g
        data-name="Rectangle 1 copy 4"
        fill="transparent"
        id="Rectangle_1_copy_4"
        opacity="0.6"
        stroke="currentColor"
        strokeWidth="1"
        transform="translate(316 361)"
      >
        <rect
          height="20"
          stroke="none"
          width="20"
        />
        <rect
          height="19"
          width="19"
          x="0.5"
          y="0.5"
        />
      </g>
      <rect
        data-name="Rectangle 86"
        height="2.253"
        id="Rectangle_86"
        transform="translate(320 370)"
        width="11.88"
      />
    </g>
  </svg>
</SvgIcon>
`;
