// Jest Snapshot v1, https://goo.gl/fbAQLP

exports[`Icon : <Arrowup /> match snapshot 1`] = `
<SvgIcon
  color="#6d6d71"
  hoverColor="#6d6d71"
  onMouseEnter={[Function]}
  onMouseLeave={[Function]}
  size={24}
  style={Object {}}
  viewBox="0 0 24 24"
>
  <svg
    focusable="false"
    height="24px"
    viewBox="0 0 16 9.3"
    width="24px"
    xmlns="http://www.w3.org/2000/svg"
  >
    <g
      data-name="Layer 2"
      id="Layer_2"
    >
      <g
        data-name="Layer 1"
        id="Layer_1-2"
      >
        <polyline
          points="8 0 0 8 1.3 9.3 8 2.6 14.7 9.3 16 8"
        />
      </g>
    </g>
  </svg>
</SvgIcon>
`;
