// Jest Snapshot v1, https://goo.gl/fbAQLP

exports[`Icon : <Book /> match snapshot 1`] = `
<SvgIcon
  color="#6d6d71"
  hoverColor="#6d6d71"
  onMouseEnter={[Function]}
  onMouseLeave={[Function]}
  size={24}
  style={Object {}}
  viewBox="0 0 24 24"
>
  <svg
    focusable="false"
    height="24px"
    viewBox="0 0 18.57 15.74"
    width="24px"
    xmlns="http://www.w3.org/2000/svg"
  >
    <g
      data-name="Layer 2"
      id="Layer_2"
    >
      <g
        data-name="Layer 1"
        id="Layer_1-2"
      >
        <path
          d="M0,13.05a.82.82,0,0,0,.82.82H7.07l1.64,1.64a.83.83,0,0,0,1.15,0l1.64-1.64h6.25a.82.82,0,0,0,.82-.82V.82A.82.82,0,0,0,17.76,0H11.17a.82.82,0,0,0-.58.24L9.29,1.54,8,.24A.82.82,0,0,0,7.4,0H.82A.82.82,0,0,0,0,.82ZM10.1,3l1.4-1.4h5.43v10.6H11.17a.82.82,0,0,0-.58.24L10.1,13ZM1.63,1.63H7.07L8.47,3V13L8,12.47a.82.82,0,0,0-.58-.24H1.63Z"
        />
      </g>
    </g>
  </svg>
</SvgIcon>
`;
