// Jest Snapshot v1, https://goo.gl/fbAQLP

exports[`Icon : <Close /> match snapshot 1`] = `
<SvgIcon
  color="#6d6d71"
  hoverColor="#6d6d71"
  onMouseEnter={[Function]}
  onMouseLeave={[Function]}
  size={24}
  style={Object {}}
  viewBox="0 0 24 24"
>
  <svg
    focusable="false"
    height="24px"
    viewBox="0 0 16 16"
    width="24px"
    xmlns="http://www.w3.org/2000/svg"
  >
    <g
      data-name="Layer 2"
      id="Layer_2"
    >
      <g
        data-name="Layer 1"
        id="Layer_1-2"
      >
        <polygon
          points="16 1.3 14.7 0 8 6.7 1.3 0 0 1.3 6.7 8 0 14.7 1.3 16 8 9.3 14.7 16 16 14.7 9.3 8 16 1.3"
        />
      </g>
    </g>
  </svg>
</SvgIcon>
`;
