// Jest Snapshot v1, https://goo.gl/fbAQLP

exports[`Icon : <Cloud /> match snapshot 1`] = `
<SvgIcon
  color="#6d6d71"
  hoverColor="#6d6d71"
  onMouseEnter={[Function]}
  onMouseLeave={[Function]}
  size={24}
  style={Object {}}
  viewBox="0 0 24 24"
>
  <svg
    focusable="false"
    height="24px"
    viewBox="0 0 16.89 11.75"
    width="24px"
    xmlns="http://www.w3.org/2000/svg"
  >
    <g
      data-name="Layer 2"
      id="Layer_2"
    >
      <g
        data-name="Layer 1"
        id="Layer_1-2"
      >
        <path
          d="M4.16,11.75H11a5.88,5.88,0,1,0-5.4-8.18l0,.11-.11,0a4.09,4.09,0,0,0-1.3-.21,4.16,4.16,0,1,0,0,8.32Zm0-6.86a2.69,2.69,0,0,1,1.46.43.73.73,0,0,0,1.11-.45A4.41,4.41,0,1,1,11,10.29H4.16a2.7,2.7,0,0,1,0-5.39Z"
        />
      </g>
    </g>
  </svg>
</SvgIcon>
`;
