// Jest Snapshot v1, https://goo.gl/fbAQLP

exports[`Icon : <Delete /> match snapshot 1`] = `
<SvgIcon
  color="#6d6d71"
  hoverColor="#6d6d71"
  onMouseEnter={[Function]}
  onMouseLeave={[Function]}
  size={24}
  style={Object {}}
  viewBox="0 0 24 24"
>
  <svg
    focusable="false"
    height="24px"
    viewBox="0 0 11.73 16"
    width="24px"
    xmlns="http://www.w3.org/2000/svg"
  >
    <g
      data-name="Layer 2"
      id="Layer_2"
    >
      <g
        data-name="Layer 1"
        id="Layer_1-2"
      >
        <path
          d="M1.6,16h8.54a1.6,1.6,0,0,0,1.6-1.6V4.27H0V14.4A1.6,1.6,0,0,0,1.6,16ZM1.48,5.75h8.77v8.77H1.48Z"
        />
        <polygon
          points="0 3.19 11.73 3.19 11.73 1.71 8.31 1.71 8.31 0 3.42 0 3.42 1.71 0 1.71 0 3.19"
        />
        <rect
          height="4.9"
          width="1.48"
          x="3.42"
          y="7.69"
        />
        <rect
          height="4.9"
          width="1.48"
          x="6.83"
          y="7.69"
        />
      </g>
    </g>
  </svg>
</SvgIcon>
`;
