// Jest Snapshot v1, https://goo.gl/fbAQLP

exports[`Icon : <List /> match snapshot 1`] = `
<SvgIcon
  color="#6d6d71"
  hoverColor="#6d6d71"
  onMouseEnter={[Function]}
  onMouseLeave={[Function]}
  size={24}
  style={Object {}}
  viewBox="0 0 24 24"
>
  <svg
    focusable="false"
    height="24px"
    viewBox="0 0 16 14.2"
    width="24px"
    xmlns="http://www.w3.org/2000/svg"
  >
    <g
      data-name="Layer 2"
      id="Layer_2"
    >
      <g
        data-name="Layer 1"
        id="Layer_1-2"
      >
        <rect
          height="1.59"
          width="1.59"
          y="4.2"
        />
        <rect
          height="1.59"
          width="12.48"
          x="3.52"
          y="4.2"
        />
        <rect
          height="1.59"
          width="1.59"
          y="8.4"
        />
        <rect
          height="1.59"
          width="12.48"
          x="3.52"
          y="8.4"
        />
        <rect
          height="1.59"
          width="1.59"
          y="12.61"
        />
        <rect
          height="1.59"
          width="12.48"
          x="3.52"
          y="12.61"
        />
        <rect
          height="1.59"
          width="1.59"
        />
        <rect
          height="1.59"
          width="12.48"
          x="3.52"
        />
      </g>
    </g>
  </svg>
</SvgIcon>
`;
