// Jest Snapshot v1, https://goo.gl/fbAQLP

exports[`Icon : <Radioinputoutline /> match snapshot 1`] = `
<SvgIcon
  color="#6d6d71"
  hoverColor="#6d6d71"
  onMouseEnter={[Function]}
  onMouseLeave={[Function]}
  size={24}
  style={Object {}}
  viewBox="0 0 24 24"
>
  <svg
    focusable="false"
    height="24px"
    viewBox="0 0 15.75 15.75"
    width="24px"
    xmlns="http://www.w3.org/2000/svg"
  >
    <g
      data-name="Layer 2"
      id="Layer_2"
    >
      <g
        data-name="Layer 1"
        id="Layer_1-2"
      >
        <path
          d="M7.88,0a7.88,7.88,0,1,0,7.88,7.88A7.88,7.88,0,0,0,7.88,0Zm0,14.22a6.35,6.35,0,1,1,6.35-6.35A6.35,6.35,0,0,1,7.88,14.22Z"
        />
      </g>
    </g>
  </svg>
</SvgIcon>
`;
